{
  "type": "user_transaction",
  "version": "2",
  "hash": "0xf1d9819d9c3890f1d3e515be30cf920bd5bba8a7616dc02f21438c3ce08e27fa",
<<<<<<< HEAD
  "state_root_hash": "0x590f869a35bfa866f85baca8bd5fbab5c53f7911bc70c10d8bb29b0187d89b1d",
=======
<<<<<<< HEAD
  "state_root_hash": "0x57d403ee832dd459894ce406aa25e5e7b4872d7e72e5e59ce456def80051540d",
=======
<<<<<<< HEAD
  "state_root_hash": "0xa440baf7d284e00a14b2d788eebe92fbc4513e92f02cc012b1215e92234df95d",
=======
  "state_root_hash": "0xea9b333e535f06b40f581d2adeeb390e32cd67a4f58a780ca316fac9c3ab0ef1",
>>>>>>> 6c20ed3f0 ([Storage] Fine grained account storage)
>>>>>>> 1a37ce385 ([Storage] Fine grained account storage)
>>>>>>> ff1ae5ca9 ([Storage] Fine grained account storage)
  "event_root_hash": "0x414343554d554c41544f525f504c414345484f4c4445525f4841534800000000",
  "gas_used": "1",
  "success": false,
  "vm_status": "Move bytecode deserialization / verification failed, including script function not found or invalid arguments",
<<<<<<< HEAD
  "accumulator_root_hash": "0x57fe684da8f5e4f43abff4fa0c92bee0bec2def71f630f73f21aec8fe7054132",
=======
<<<<<<< HEAD
  "accumulator_root_hash": "0xdc043b2b514eae7669f271799dc20776868f5c7a26b8d4c920868bc86416e012",
=======
<<<<<<< HEAD
  "accumulator_root_hash": "0xb13f373a5fe84ac6e4bfaaf2e5dc5ddecddebc1ed898a059fbe084dc65cb5c3d",
=======
  "accumulator_root_hash": "0x6b9bf39bb6cb150bacb5807e177fc13ef08b7beeeb9be58e2c79d8e64a6c98b0",
>>>>>>> 6c20ed3f0 ([Storage] Fine grained account storage)
>>>>>>> 1a37ce385 ([Storage] Fine grained account storage)
>>>>>>> ff1ae5ca9 ([Storage] Fine grained account storage)
  "changes": [
    {
      "type": "write_resource",
      "address": "0xa550c18",
      "state_key_hash": "0xa85a3f04345fb96b11d0e4f8b85a04475452f309d6305d8a4de891bd22392995",
      "data": {
        "type": "0x1::Account::Account",
        "data": {
          "authentication_key": "0x7deeccb1080854f499ec8b4c1b213b82c5e34b925cf6875fec02d4b77adbd2d6",
          "self_address": "0xa550c18",
          "sequence_number": "1"
        }
      }
    },
    {
      "type": "write_resource",
      "address": "0xa550c18",
      "state_key_hash": "0x6b3ef01fe5ffd2a5a4bc8921a900ff6281fce77cda659e1b89c93a08e7a6507f",
      "data": {
        "type": "0x1::TestCoin::Balance",
        "data": {
          "coin": {
            "value": "18446744073709551614"
          }
        }
      }
<<<<<<< HEAD
=======
    },
    {
      "type": "write_resource",
      "address": "0xa550c18",
      "state_key_hash": "0x6361dc2da389b51bf777ae884a8481cb828da9db1df3120b25046820a283770f",
      "data": {
        "type": "0x1::TestCoin::CoinInfo",
        "data": {
          "scaling_factor": "1000000",
          "total_value": "18446744073709551615"
        }
      }
>>>>>>> ff1ae5ca9 ([Storage] Fine grained account storage)
    }
  ],
  "sender": "0xa550c18",
  "sequence_number": "0",
  "max_gas_amount": "2000",
  "gas_unit_price": "0",
  "expiration_timestamp_secs": "18446744073709551615",
  "payload": {
    "type": "module_bundle_payload",
    "modules": [
      {
        "bytecode": "0xa11ceb0b030000",
        "abi": null
      }
    ]
  },
  "signature": {
    "type": "ed25519_signature",
    "public_key": "0xb9c6ee1630ef3e711144a648db06bbb2284f7274cfbee53ffcee503cc1a49200",
    "signature": "0xf6523e24249fbe46e68a0035f7c7daac2cf6c3653ac0192f9f85101116c92fa901238088b8ecaf459c5afbca229cffde00b214626c5be6cb70ce6120d655a80f"
  },
  "events": [],
  "timestamp": "1"
}
