{
  "type": "user_transaction",
  "version": "2",
  "hash": "0xc00c694596b002f38c4a5eb5b8b20a772cb2bc7e5aacd3b2637e73bec802796e",
<<<<<<< HEAD
  "state_root_hash": "0x590f869a35bfa866f85baca8bd5fbab5c53f7911bc70c10d8bb29b0187d89b1d",
=======
<<<<<<< HEAD
  "state_root_hash": "0x57d403ee832dd459894ce406aa25e5e7b4872d7e72e5e59ce456def80051540d",
=======
<<<<<<< HEAD
  "state_root_hash": "0xa440baf7d284e00a14b2d788eebe92fbc4513e92f02cc012b1215e92234df95d",
=======
  "state_root_hash": "0xea9b333e535f06b40f581d2adeeb390e32cd67a4f58a780ca316fac9c3ab0ef1",
>>>>>>> 6c20ed3f0 ([Storage] Fine grained account storage)
>>>>>>> 1a37ce385 ([Storage] Fine grained account storage)
>>>>>>> ff1ae5ca9 ([Storage] Fine grained account storage)
  "event_root_hash": "0x414343554d554c41544f525f504c414345484f4c4445525f4841534800000000",
  "gas_used": "1",
  "success": false,
  "vm_status": "Move bytecode deserialization / verification failed, including script function not found or invalid arguments",
<<<<<<< HEAD
  "accumulator_root_hash": "0xd8f750b91d389cacc8a5c4cae3d1fd0a48a52919ff3b98845bdaf78b4ca353e6",
=======
<<<<<<< HEAD
  "accumulator_root_hash": "0xf18eb932cac100a663d3949ea03658dd7240b9f29a5ced2503bbbf7c1a219f4a",
=======
<<<<<<< HEAD
  "accumulator_root_hash": "0xcb5ce63ed138f2859173333d33445ac2d0f69719f0f3acec3505dfa1fe56778d",
=======
  "accumulator_root_hash": "0xe842ac24c52770c256ddfd32a18d69b45053447454be4e58440fa50cd979b867",
>>>>>>> 6c20ed3f0 ([Storage] Fine grained account storage)
>>>>>>> 1a37ce385 ([Storage] Fine grained account storage)
>>>>>>> ff1ae5ca9 ([Storage] Fine grained account storage)
  "changes": [
    {
      "type": "write_resource",
      "address": "0xa550c18",
      "state_key_hash": "0xa85a3f04345fb96b11d0e4f8b85a04475452f309d6305d8a4de891bd22392995",
      "data": {
        "type": "0x1::Account::Account",
        "data": {
          "authentication_key": "0x7deeccb1080854f499ec8b4c1b213b82c5e34b925cf6875fec02d4b77adbd2d6",
          "self_address": "0xa550c18",
          "sequence_number": "1"
        }
      }
    },
    {
      "type": "write_resource",
      "address": "0xa550c18",
      "state_key_hash": "0x6b3ef01fe5ffd2a5a4bc8921a900ff6281fce77cda659e1b89c93a08e7a6507f",
      "data": {
        "type": "0x1::TestCoin::Balance",
        "data": {
          "coin": {
            "value": "18446744073709551614"
          }
        }
      }
<<<<<<< HEAD
=======
    },
    {
      "type": "write_resource",
      "address": "0xa550c18",
      "state_key_hash": "0x6361dc2da389b51bf777ae884a8481cb828da9db1df3120b25046820a283770f",
      "data": {
        "type": "0x1::TestCoin::CoinInfo",
        "data": {
          "scaling_factor": "1000000",
          "total_value": "18446744073709551615"
        }
      }
>>>>>>> ff1ae5ca9 ([Storage] Fine grained account storage)
    }
  ],
  "sender": "0xa550c18",
  "sequence_number": "0",
  "max_gas_amount": "2000",
  "gas_unit_price": "0",
  "expiration_timestamp_secs": "18446744073709551615",
  "payload": {
    "type": "script_function_payload",
    "function": "0x1::TestCoin::transfer_invalid",
    "type_arguments": [],
    "arguments": [
      "0x00000000000000000000000000000000000000000000000000000000000000dd",
      "0x0100000000000000"
    ]
  },
  "signature": {
    "type": "ed25519_signature",
    "public_key": "0xb9c6ee1630ef3e711144a648db06bbb2284f7274cfbee53ffcee503cc1a49200",
    "signature": "0x892be42783ef9c1b512e10ec1e9b0a38c820999d286607af02bf4b9e2ffeb6d536e9ba0f0fc5823b7635d7ccac987186f15c438a10a58a11319435c06c38200a"
  },
  "events": [],
  "timestamp": "1"
}
